2023/08/31 17:40:37 driver.go:61: Logging to custom file
2023/08/31 17:40:37 collection.go:19: .C:\Users\LOGESH~1\AppData\Local\Temp\TestWhere451920290\001/collections.json
2023/08/31 17:40:37 driver.go:81: test_collection collection Created 
2023/08/31 17:40:37 driver.go:84: {[test_collection]}
2023/08/31 17:40:37 driver.go:123: Data Addes successfully
2023/08/31 17:40:37 driver.go:123: Data Addes successfully
2023/08/31 17:40:37 driver.go:123: Data Addes successfully
2023/08/31 17:41:51 driver.go:61: Logging to custom file
2023/08/31 17:41:51 collection.go:19: .C:\Users\LOGESH~1\AppData\Local\Temp\TestWhere2445221778\001/collections.json
2023/08/31 17:41:51 driver.go:81: test_collection collection Created 
2023/08/31 17:41:51 driver.go:84: {[test_collection]}
2023/08/31 17:41:51 driver.go:123: Data Addes successfully
2023/08/31 17:41:51 driver.go:123: Data Addes successfully
2023/08/31 17:41:51 driver.go:123: Data Addes successfully
2023/08/31 17:43:06 driver.go:61: Logging to custom file
2023/08/31 17:43:06 collection.go:19: .C:\Users\LOGESH~1\AppData\Local\Temp\TestWhere1232739856\001/collections.json
2023/08/31 17:43:06 driver.go:81: test_collection collection Created 
2023/08/31 17:43:06 driver.go:84: {[test_collection]}
2023/08/31 17:43:06 driver.go:123: Data Addes successfully
2023/08/31 17:43:06 driver.go:123: Data Addes successfully
2023/08/31 17:43:06 driver.go:123: Data Addes successfully
